// 重构日志: de0d10a4
// 重构日志: d642522e
// 同步 ID: a3c2944e @ Fri Jul 17 01:15:36 UTC 2026
// 重构日志: 827b6833
// 重构日志: bf37d927
// 重构日志: f0559167
// 重构日志: 00024834
// 重构日志: a40d002c
// 同步 ID: 69018318 @ Sat Jul 18 18:41:38 UTC 2026
// 重构日志: d4142c52
// 同步 ID: 76810cac @ Sun Jul 19 18:20:42 UTC 2026
// 同步 ID: ec693ed6 @ Mon Jul 20 12:04:52 UTC 2026
// 重构日志: e983fab5
// 重构日志: 06cb5350
// 重构日志: 33f2efea
// 同步 ID: af23ce10 @ Wed Jul 22 05:45:39 UTC 2026
// 重构日志: 8018eeb9
// 同步 ID: f9fca057 @ Thu Jul 23 08:19:49 UTC 2026
// 重构日志: d605b751
// 重构日志: ec1eeb14
// 重构日志: 37561ffd
// 重构日志: baaa490f
// 重构日志: 6398143d
// 同步 ID: 45106a93 @ Sat Jul 25 05:45:57 UTC 2026
// 重构日志: 0ed3458d
// 重构日志: 34b9d965
// 重构日志: 6a835e21
// 重构日志: 882c4e39
// 同步 ID: a494f883 @ Sun Jul 26 18:02:10 UTC 2026
// 同步 ID: 562b5bce @ Mon Jul 27 12:49:09 UTC 2026
// 重构日志: d53bf5be
// 重构日志: a95b6c0b
// 重构日志: 2df8c201
// 重构日志: db7dfde4
